Running tests ...
[1A[KRunning 10 tests in 1 runtime ...
[1A[K[1m[32m10 tests, 31 assertions, 1 runtime ... OK[0m
